warning: The `UV_NATIVE_TLS` environment variable is deprecated and will be removed in a future release. Use `UV_SYSTEM_CERTS` instead.
{'problem': 'chain64_k4', 'group': 'calibrated', 'vars': 64, 'cost': 'flops', 'method': 'search', 'flops': 4248, 'model_ns': 367.56, 'optimize_s': 10.45, 'run_ns': 1259.2}
{'problem': 'chain64_k4', 'group': 'calibrated', 'vars': 64, 'cost': 'c', 'method': 'search', 'flops': 4248, 'model_ns': 367.56, 'optimize_s': 120.19, 'run_ns': 1247.77}
{'problem': 'grid6x6_k2', 'group': 'calibrated', 'vars': 36, 'cost': 'flops', 'method': 'search', 'flops': 7496, 'model_ns': 1166.08, 'optimize_s': 63.44, 'run_ns': 1311.45}
{'problem': 'grid6x6_k2', 'group': 'calibrated', 'vars': 36, 'cost': 'c', 'method': 'search', 'flops': 7568, 'model_ns': 1172.03, 'optimize_s': 98.16, 'run_ns': 1220.42}
{'problem': 'big_chain32_k32', 'group': 'calibrated', 'vars': 32, 'cost': 'flops', 'method': 'search', 'flops': 129856, 'model_ns': 25270.74, 'optimize_s': 10.57, 'run_ns': 26066.48}
{'problem': 'big_chain32_k32', 'group': 'calibrated', 'vars': 32, 'cost': 'c', 'method': 'search', 'flops': 129856, 'model_ns': 25270.74, 'optimize_s': 120.23, 'run_ns': 32241.6}
{'problem': 'big_tree30_k8', 'group': 'calibrated', 'vars': 30, 'cost': 'flops', 'method': 'search', 'flops': 6896, 'model_ns': 673.15, 'optimize_s': 5.13, 'run_ns': 698.4}
{'problem': 'big_tree30_k8', 'group': 'calibrated', 'vars': 30, 'cost': 'c', 'method': 'search', 'flops': 6896, 'model_ns': 673.15, 'optimize_s': 11.06, 'run_ns': 701.4}
{'problem': 'grid5x5_k2', 'group': 'calibrated', 'vars': 25, 'cost': 'flops', 'method': 'search', 'flops': 3216, 'model_ns': 513.03, 'optimize_s': 29.21, 'run_ns': 498.4}
{'problem': 'grid5x5_k2', 'group': 'calibrated', 'vars': 25, 'cost': 'c', 'method': 'search', 'flops': 3228, 'model_ns': 509.0, 'optimize_s': 52.52, 'run_ns': 399.95}
{'problem': 'sparse20_k3', 'group': 'calibrated', 'vars': 20, 'cost': 'flops', 'method': 'search', 'flops': 2253, 'model_ns': 362.94, 'optimize_s': 20.05, 'run_ns': 357.92}
{'problem': 'sparse20_k3', 'group': 'calibrated', 'vars': 20, 'cost': 'c', 'method': 'search', 'flops': 2433, 'model_ns': 372.12, 'optimize_s': 15.57, 'run_ns': 353.11}
{'problem': 'holdout_chain19_k8', 'group': 'holdout', 'vars': 19, 'cost': 'flops', 'method': 'search', 'flops': 5016, 'model_ns': 558.99, 'optimize_s': 4.82, 'run_ns': 667.19}
{'problem': 'holdout_chain19_k8', 'group': 'holdout', 'vars': 19, 'cost': 'c', 'method': 'search', 'flops': 5032, 'model_ns': 533.53, 'optimize_s': 56.79, 'run_ns': 669.38}
{'problem': 'coupled3_k3_t6', 'group': 'calibrated', 'vars': 18, 'cost': 'flops', 'method': 'search', 'flops': 4860, 'model_ns': 732.46, 'optimize_s': 26.76, 'run_ns': 1332.75}
{'problem': 'coupled3_k3_t6', 'group': 'calibrated', 'vars': 18, 'cost': 'c', 'method': 'search', 'flops': 4797, 'model_ns': 703.3, 'optimize_s': 80.93, 'run_ns': 1187.94}
{'problem': 'factorial3_k3_t6', 'group': 'calibrated', 'vars': 18, 'cost': 'flops', 'method': 'search', 'flops': 5886, 'model_ns': 868.11, 'optimize_s': 18.47, 'run_ns': 1282.65}
{'problem': 'factorial3_k3_t6', 'group': 'calibrated', 'vars': 18, 'cost': 'c', 'method': 'search', 'flops': 5967, 'model_ns': 872.37, 'optimize_s': 15.8, 'run_ns': 1311.75}
{'problem': 'big_cycle16_k16', 'group': 'calibrated', 'vars': 16, 'cost': 'flops', 'method': 'search', 'flops': 243712, 'model_ns': 29986.33, 'optimize_s': 3.41, 'run_ns': 23904.42}
{'problem': 'big_cycle16_k16', 'group': 'calibrated', 'vars': 16, 'cost': 'c', 'method': 'search', 'flops': 245248, 'model_ns': 23085.41, 'optimize_s': 11.48, 'run_ns': 17116.99}
{'problem': 'big_grid4x4_k3', 'group': 'calibrated', 'vars': 16, 'cost': 'flops', 'method': 'search', 'flops': 7857, 'model_ns': 1108.58, 'optimize_s': 18.23, 'run_ns': 1321.89}
{'problem': 'big_grid4x4_k3', 'group': 'calibrated', 'vars': 16, 'cost': 'c', 'method': 'search', 'flops': 8091, 'model_ns': 1118.45, 'optimize_s': 34.19, 'run_ns': 1327.31}
{'problem': 'grid4x4_k3', 'group': 'calibrated', 'vars': 16, 'cost': 'flops', 'method': 'search', 'flops': 7857, 'model_ns': 1108.58, 'optimize_s': 17.84, 'run_ns': 1338.17}
{'problem': 'grid4x4_k3', 'group': 'calibrated', 'vars': 16, 'cost': 'c', 'method': 'search', 'flops': 8091, 'model_ns': 1118.45, 'optimize_s': 34.43, 'run_ns': 1241.61}
{'problem': 'cycle16_k16', 'group': 'calibrated', 'vars': 16, 'cost': 'flops', 'method': 'search', 'flops': 243712, 'model_ns': 29986.33, 'optimize_s': 3.3, 'run_ns': 23589.4}
{'problem': 'cycle16_k16', 'group': 'calibrated', 'vars': 16, 'cost': 'c', 'method': 'search', 'flops': 245248, 'model_ns': 23085.41, 'optimize_s': 11.67, 'run_ns': 16661.27}
{'problem': 'chain16_k2', 'group': 'calibrated', 'vars': 16, 'cost': 'flops', 'method': 'search', 'flops': 260, 'model_ns': 52.01, 'optimize_s': 1.14, 'run_ns': 62.0}
{'problem': 'chain16_k2', 'group': 'calibrated', 'vars': 16, 'cost': 'c', 'method': 'search', 'flops': 260, 'model_ns': 52.01, 'optimize_s': 10.8, 'run_ns': 57.5}
{'problem': 'chain16_k4', 'group': 'calibrated', 'vars': 16, 'cost': 'flops', 'method': 'search', 'flops': 984, 'model_ns': 84.75, 'optimize_s': 1.33, 'run_ns': 224.36}
{'problem': 'chain16_k4', 'group': 'calibrated', 'vars': 16, 'cost': 'c', 'method': 'search', 'flops': 984, 'model_ns': 84.75, 'optimize_s': 10.87, 'run_ns': 228.42}
{'problem': 'chain16_k8', 'group': 'calibrated', 'vars': 16, 'cost': 'flops', 'method': 'search', 'flops': 3824, 'model_ns': 343.94, 'optimize_s': 1.3, 'run_ns': 504.39}
{'problem': 'chain16_k8', 'group': 'calibrated', 'vars': 16, 'cost': 'c', 'method': 'search', 'flops': 3824, 'model_ns': 343.94, 'optimize_s': 10.86, 'run_ns': 515.45}
{'problem': 'chain16_k16', 'group': 'calibrated', 'vars': 16, 'cost': 'flops', 'method': 'search', 'flops': 15072, 'model_ns': 1690.85, 'optimize_s': 1.33, 'run_ns': 1872.22}
{'problem': 'chain16_k16', 'group': 'calibrated', 'vars': 16, 'cost': 'c', 'method': 'search', 'flops': 15072, 'model_ns': 1690.85, 'optimize_s': 10.04, 'run_ns': 1852.86}
{'problem': 'chain16_k32', 'group': 'calibrated', 'vars': 16, 'cost': 'flops', 'method': 'search', 'flops': 59840, 'model_ns': 12111.24, 'optimize_s': 1.13, 'run_ns': 12537.17}
{'problem': 'chain16_k32', 'group': 'calibrated', 'vars': 16, 'cost': 'c', 'method': 'search', 'flops': 59840, 'model_ns': 12111.24, 'optimize_s': 10.08, 'run_ns': 13739.84}
{'problem': 'holdout_chain16_k8', 'group': 'holdout', 'vars': 16, 'cost': 'flops', 'method': 'search', 'flops': 4176, 'model_ns': 470.1, 'optimize_s': 3.78, 'run_ns': 556.85}
{'problem': 'holdout_chain16_k8', 'group': 'holdout', 'vars': 16, 'cost': 'c', 'method': 'search', 'flops': 4192, 'model_ns': 444.64, 'optimize_s': 55.2, 'run_ns': 546.38}
{'problem': 'chain15_k4', 'group': 'calibrated', 'vars': 15, 'cost': 'flops', 'method': 'search', 'flops': 1052, 'model_ns': 110.53, 'optimize_s': 3.29, 'run_ns': 190.92}
{'problem': 'chain15_k4', 'group': 'calibrated', 'vars': 15, 'cost': 'c', 'method': 'search', 'flops': 1060, 'model_ns': 108.61, 'optimize_s': 31.66, 'run_ns': 199.78}
{'problem': 'holdout_grid3x5_k2', 'group': 'holdout', 'vars': 15, 'cost': 'flops', 'method': 'search', 'flops': 948, 'model_ns': 167.3, 'optimize_s': 8.6, 'run_ns': 147.83}
{'problem': 'holdout_grid3x5_k2', 'group': 'holdout', 'vars': 15, 'cost': 'c', 'method': 'search', 'flops': 956, 'model_ns': 165.51, 'optimize_s': 24.62, 'run_ns': 170.71}
{'problem': 'holdout_sparse15_k2', 'group': 'holdout', 'vars': 15, 'cost': 'flops', 'method': 'search', 'flops': 446, 'model_ns': 85.08, 'optimize_s': 3.04, 'run_ns': 77.38}
{'problem': 'holdout_sparse15_k2', 'group': 'holdout', 'vars': 15, 'cost': 'c', 'method': 'search', 'flops': 450, 'model_ns': 84.67, 'optimize_s': 3.78, 'run_ns': 77.78}
{'problem': 'holdout_sparse14_k3', 'group': 'holdout', 'vars': 14, 'cost': 'flops', 'method': 'search', 'flops': 1107, 'model_ns': 182.9, 'optimize_s': 1.61, 'run_ns': 187.79}
{'problem': 'holdout_sparse14_k3', 'group': 'holdout', 'vars': 14, 'cost': 'c', 'method': 'search', 'flops': 1134, 'model_ns': 179.56, 'optimize_s': 3.09, 'run_ns': 175.45}
{'problem': 'holdout_cycle13_k4', 'group': 'holdout', 'vars': 13, 'cost': 'flops', 'method': 'search', 'flops': 3248, 'model_ns': 235.41, 'optimize_s': 2.12, 'run_ns': 318.09}
{'problem': 'holdout_cycle13_k4', 'group': 'holdout', 'vars': 13, 'cost': 'c', 'method': 'search', 'flops': 3328, 'model_ns': 223.8, 'optimize_s': 13.26, 'run_ns': 238.43}
{'problem': 'tree12_k3', 'group': 'calibrated', 'vars': 12, 'cost': 'flops', 'method': 'none', 'flops': 399, 'model_ns': 71.13, 'optimize_s': 2.54, 'run_ns': 67.48}
{'problem': 'tree12_k3', 'group': 'calibrated', 'vars': 12, 'cost': 'c', 'method': 'none', 'flops': 399, 'model_ns': 71.13, 'optimize_s': 3.15, 'run_ns': 67.24}
{'problem': 'holdout_star12_k3', 'group': 'holdout', 'vars': 12, 'cost': 'flops', 'method': 'none', 'flops': 429, 'model_ns': 86.79, 'optimize_s': 3.41, 'run_ns': 59.32}
{'problem': 'holdout_star12_k3', 'group': 'holdout', 'vars': 12, 'cost': 'c', 'method': 'none', 'flops': 429, 'model_ns': 86.79, 'optimize_s': 5.03, 'run_ns': 58.81}
{'problem': 'holdout_cycle12_k6', 'group': 'holdout', 'vars': 12, 'cost': 'flops', 'method': 'none', 'flops': 10044, 'model_ns': 943.65, 'optimize_s': 2.7, 'run_ns': 775.49}
{'problem': 'holdout_cycle12_k6', 'group': 'holdout', 'vars': 12, 'cost': 'c', 'method': 'none', 'flops': 10296, 'model_ns': 770.78, 'optimize_s': 3.76, 'run_ns': 789.87}
{'problem': 'holdout_grid2x6_k2', 'group': 'holdout', 'vars': 12, 'cost': 'flops', 'method': 'none', 'flops': 432, 'model_ns': 82.88, 'optimize_s': 4.4, 'run_ns': 98.48}
{'problem': 'holdout_grid2x6_k2', 'group': 'holdout', 'vars': 12, 'cost': 'c', 'method': 'none', 'flops': 436, 'model_ns': 82.47, 'optimize_s': 5.28, 'run_ns': 98.41}
{'problem': 'cycle10_k4', 'group': 'calibrated', 'vars': 10, 'cost': 'flops', 'method': 'none', 'flops': 2496, 'model_ns': 191.83, 'optimize_s': 3.79, 'run_ns': 270.2}
{'problem': 'cycle10_k4', 'group': 'calibrated', 'vars': 10, 'cost': 'c', 'method': 'none', 'flops': 2496, 'model_ns': 190.12, 'optimize_s': 4.73, 'run_ns': 270.79}
{'problem': 'sparse10_k3', 'group': 'calibrated', 'vars': 10, 'cost': 'flops', 'method': 'none', 'flops': 723, 'model_ns': 126.35, 'optimize_s': 2.87, 'run_ns': 136.54}
{'problem': 'sparse10_k3', 'group': 'calibrated', 'vars': 10, 'cost': 'c', 'method': 'none', 'flops': 732, 'model_ns': 123.46, 'optimize_s': 4.15, 'run_ns': 123.06}
{'problem': 'holdout_star10_k6', 'group': 'holdout', 'vars': 10, 'cost': 'flops', 'method': 'none', 'flops': 1176, 'model_ns': 149.55, 'optimize_s': 2.23, 'run_ns': 187.19}
{'problem': 'holdout_star10_k6', 'group': 'holdout', 'vars': 10, 'cost': 'c', 'method': 'none', 'flops': 1176, 'model_ns': 149.55, 'optimize_s': 4.17, 'run_ns': 191.8}
{'problem': 'holdout_tree10_k4', 'group': 'holdout', 'vars': 10, 'cost': 'flops', 'method': 'none', 'flops': 552, 'model_ns': 49.48, 'optimize_s': 3.42, 'run_ns': 63.07}
{'problem': 'holdout_tree10_k4', 'group': 'holdout', 'vars': 10, 'cost': 'c', 'method': 'none', 'flops': 552, 'model_ns': 49.48, 'optimize_s': 4.14, 'run_ns': 59.68}
{'problem': 'holdout_ternary10_k2', 'group': 'holdout', 'vars': 10, 'cost': 'flops', 'method': 'none', 'flops': 296, 'model_ns': 56.12, 'optimize_s': 2.24, 'run_ns': 50.18}
{'problem': 'holdout_ternary10_k2', 'group': 'holdout', 'vars': 10, 'cost': 'c', 'method': 'none', 'flops': 300, 'model_ns': 55.71, 'optimize_s': 3.05, 'run_ns': 49.07}
{'problem': 'holdout_ternary10_k3', 'group': 'holdout', 'vars': 10, 'cost': 'flops', 'method': 'none', 'flops': 936, 'model_ns': 140.66, 'optimize_s': 2.32, 'run_ns': 159.58}
{'problem': 'holdout_ternary10_k3', 'group': 'holdout', 'vars': 10, 'cost': 'c', 'method': 'none', 'flops': 963, 'model_ns': 139.72, 'optimize_s': 2.9, 'run_ns': 144.03}
{'problem': 'tree9_k4', 'group': 'calibrated', 'vars': 9, 'cost': 'flops', 'method': 'none', 'flops': 492, 'model_ns': 43.56, 'optimize_s': 2.48, 'run_ns': 57.18}
{'problem': 'tree9_k4', 'group': 'calibrated', 'vars': 9, 'cost': 'c', 'method': 'none', 'flops': 492, 'model_ns': 43.56, 'optimize_s': 2.78, 'run_ns': 55.64}
{'problem': 'grid3x3_k3', 'group': 'calibrated', 'vars': 9, 'cost': 'flops', 'method': 'none', 'flops': 1980, 'model_ns': 321.34, 'optimize_s': 5.8, 'run_ns': 271.65}
{'problem': 'grid3x3_k3', 'group': 'calibrated', 'vars': 9, 'cost': 'c', 'method': 'none', 'flops': 2043, 'model_ns': 314.38, 'optimize_s': 7.68, 'run_ns': 259.18}
{'problem': 'grid3x3_k2', 'group': 'calibrated', 'vars': 9, 'cost': 'flops', 'method': 'none', 'flops': 480, 'model_ns': 86.08, 'optimize_s': 6.39, 'run_ns': 103.34}
{'problem': 'grid3x3_k2', 'group': 'calibrated', 'vars': 9, 'cost': 'c', 'method': 'none', 'flops': 488, 'model_ns': 85.26, 'optimize_s': 7.53, 'run_ns': 110.05}
{'problem': 'grid3x3_k4', 'group': 'calibrated', 'vars': 9, 'cost': 'flops', 'method': 'none', 'flops': 5600, 'model_ns': 533.68, 'optimize_s': 5.82, 'run_ns': 404.02}
{'problem': 'grid3x3_k4', 'group': 'calibrated', 'vars': 9, 'cost': 'c', 'method': 'none', 'flops': 5696, 'model_ns': 506.25, 'optimize_s': 7.78, 'run_ns': 362.81}
{'problem': 'grid3x3_k6', 'group': 'calibrated', 'vars': 9, 'cost': 'flops', 'method': 'none', 'flops': 25200, 'model_ns': 3259.63, 'optimize_s': 6.2, 'run_ns': 2428.01}
{'problem': 'grid3x3_k6', 'group': 'calibrated', 'vars': 9, 'cost': 'c', 'method': 'none', 'flops': 24768, 'model_ns': 2090.61, 'optimize_s': 7.89, 'run_ns': 2081.24}
{'problem': 'chain8_k8', 'group': 'calibrated', 'vars': 8, 'cost': 'flops', 'method': 'none', 'flops': 1936, 'model_ns': 233.07, 'optimize_s': 6.37, 'run_ns': 288.55}
{'problem': 'chain8_k8', 'group': 'calibrated', 'vars': 8, 'cost': 'c', 'method': 'none', 'flops': 1952, 'model_ns': 207.62, 'optimize_s': 7.17, 'run_ns': 277.18}
{'problem': 'cycle8_k4', 'group': 'calibrated', 'vars': 8, 'cost': 'flops', 'method': 'none', 'flops': 1936, 'model_ns': 153.65, 'optimize_s': 1.56, 'run_ns': 217.93}
{'problem': 'cycle8_k4', 'group': 'calibrated', 'vars': 8, 'cost': 'c', 'method': 'none', 'flops': 1984, 'model_ns': 144.21, 'optimize_s': 2.06, 'run_ns': 173.76}
{'problem': 'grid2x4_k3', 'group': 'calibrated', 'vars': 8, 'cost': 'flops', 'method': 'none', 'flops': 801, 'model_ns': 132.59, 'optimize_s': 2.87, 'run_ns': 98.62}
{'problem': 'grid2x4_k3', 'group': 'calibrated', 'vars': 8, 'cost': 'c', 'method': 'none', 'flops': 819, 'model_ns': 129.53, 'optimize_s': 3.82, 'run_ns': 98.45}
{'problem': 'sparse8_k2', 'group': 'calibrated', 'vars': 8, 'cost': 'flops', 'method': 'none', 'flops': 254, 'model_ns': 49.99, 'optimize_s': 2.36, 'run_ns': 42.57}
{'problem': 'sparse8_k2', 'group': 'calibrated', 'vars': 8, 'cost': 'c', 'method': 'none', 'flops': 262, 'model_ns': 50.0, 'optimize_s': 2.98, 'run_ns': 39.34}
{'problem': 'ternary8_k3', 'group': 'calibrated', 'vars': 8, 'cost': 'flops', 'method': 'none', 'flops': 693, 'model_ns': 104.37, 'optimize_s': 0.46, 'run_ns': 106.0}
{'problem': 'ternary8_k3', 'group': 'calibrated', 'vars': 8, 'cost': 'c', 'method': 'none', 'flops': 711, 'model_ns': 103.82, 'optimize_s': 0.54, 'run_ns': 99.18}
{'problem': 'cycle8_k2', 'group': 'calibrated', 'vars': 8, 'cost': 'flops', 'method': 'none', 'flops': 260, 'model_ns': 50.62, 'optimize_s': 1.6, 'run_ns': 38.69}
{'problem': 'cycle8_k2', 'group': 'calibrated', 'vars': 8, 'cost': 'c', 'method': 'none', 'flops': 268, 'model_ns': 49.31, 'optimize_s': 1.93, 'run_ns': 36.76}
{'problem': 'cycle8_k8', 'group': 'calibrated', 'vars': 8, 'cost': 'flops', 'method': 'none', 'flops': 14912, 'model_ns': 1558.67, 'optimize_s': 1.65, 'run_ns': 1939.02}
{'problem': 'cycle8_k8', 'group': 'calibrated', 'vars': 8, 'cost': 'c', 'method': 'none', 'flops': 15232, 'model_ns': 1222.82, 'optimize_s': 2.05, 'run_ns': 1289.95}
{'problem': 'cycle8_k16', 'group': 'calibrated', 'vars': 8, 'cost': 'flops', 'method': 'none', 'flops': 116992, 'model_ns': 20260.08, 'optimize_s': 1.64, 'run_ns': 23080.42}
{'problem': 'cycle8_k16', 'group': 'calibrated', 'vars': 8, 'cost': 'c', 'method': 'none', 'flops': 118784, 'model_ns': 11047.34, 'optimize_s': 1.97, 'run_ns': 11757.7}
{'problem': 'star8_k4', 'group': 'calibrated', 'vars': 8, 'cost': 'flops', 'method': 'none', 'flops': 416, 'model_ns': 41.48, 'optimize_s': 1.86, 'run_ns': 35.16}
{'problem': 'star8_k4', 'group': 'calibrated', 'vars': 8, 'cost': 'c', 'method': 'none', 'flops': 416, 'model_ns': 41.48, 'optimize_s': 3.32, 'run_ns': 35.43}
{'problem': 'star8_k16', 'group': 'calibrated', 'vars': 8, 'cost': 'flops', 'method': 'none', 'flops': 5696, 'model_ns': 766.19, 'optimize_s': 1.93, 'run_ns': 746.58}
{'problem': 'star8_k16', 'group': 'calibrated', 'vars': 8, 'cost': 'c', 'method': 'none', 'flops': 5696, 'model_ns': 766.19, 'optimize_s': 3.42, 'run_ns': 760.89}
{'problem': 'holdout_tree8_k3', 'group': 'holdout', 'vars': 8, 'cost': 'flops', 'method': 'none', 'flops': 246, 'model_ns': 44.73, 'optimize_s': 1.42, 'run_ns': 45.15}
{'problem': 'holdout_tree8_k3', 'group': 'holdout', 'vars': 8, 'cost': 'c', 'method': 'none', 'flops': 246, 'model_ns': 44.73, 'optimize_s': 1.55, 'run_ns': 43.73}
{'problem': 'star7_k4', 'group': 'calibrated', 'vars': 7, 'cost': 'flops', 'method': 'none', 'flops': 348, 'model_ns': 33.7, 'optimize_s': 0.64, 'run_ns': 33.87}
{'problem': 'star7_k4', 'group': 'calibrated', 'vars': 7, 'cost': 'c', 'method': 'none', 'flops': 348, 'model_ns': 33.7, 'optimize_s': 1.14, 'run_ns': 32.37}
{'problem': 'star6_k4', 'group': 'calibrated', 'vars': 6, 'cost': 'flops', 'method': 'none', 'flops': 284, 'model_ns': 26.85, 'optimize_s': 0.23, 'run_ns': 27.01}
{'problem': 'star6_k4', 'group': 'calibrated', 'vars': 6, 'cost': 'c', 'method': 'none', 'flops': 284, 'model_ns': 26.85, 'optimize_s': 0.36, 'run_ns': 26.73}
{'problem': 'grid2x3_k2', 'group': 'calibrated', 'vars': 6, 'cost': 'flops', 'method': 'none', 'flops': 168, 'model_ns': 33.57, 'optimize_s': 0.47, 'run_ns': 25.75}
{'problem': 'grid2x3_k2', 'group': 'calibrated', 'vars': 6, 'cost': 'c', 'method': 'none', 'flops': 168, 'model_ns': 32.61, 'optimize_s': 0.55, 'run_ns': 26.31}
{'problem': 'ternary6_k3', 'group': 'calibrated', 'vars': 6, 'cost': 'flops', 'method': 'none', 'flops': 450, 'model_ns': 68.31, 'optimize_s': 0.13, 'run_ns': 68.93}
{'problem': 'ternary6_k3', 'group': 'calibrated', 'vars': 6, 'cost': 'c', 'method': 'none', 'flops': 459, 'model_ns': 67.92, 'optimize_s': 0.14, 'run_ns': 68.82}
