[     1s] hmm    -        forward      ok      prep=18 latency=3 search=0.0 correct=True
[     1s] hmm    -        jt           ok      prep=0 latency=27 search=0.0 correct=True
[     1s] fhmm2  -        forward      ok      prep=216 latency=27 search=0.0 correct=True
[     2s] fhmm2  -        jt           ok      prep=54 latency=180 search=0.0 correct=True
[     2s] fhmm3  -        forward      ok      prep=2106 latency=108 search=0.0 correct=True
[     2s] fhmm3  -        jt           ok      prep=324 latency=918 search=0.0 correct=True
[     3s] fhmm4  -        forward      ok      prep=19440 latency=360 search=0.0 correct=True
[     3s] fhmm4  -        jt           ok      prep=1458 latency=3870 search=0.0 correct=True
[     3s] chmm2  -        forward      ok      prep=216 latency=36 search=0.0 correct=True
[     3s] chmm2  -        jt           ok      prep=54 latency=162 search=0.0 correct=True
[     3s] chmm3  -        forward      ok      prep=2106 latency=162 search=0.0 correct=True
[     3s] chmm3  -        jt           ok      prep=324 latency=549 search=0.0 correct=True
[     4s] chmm4  -        forward      ok      prep=19440 latency=603 search=0.0 correct=True
[     4s] chmm4  -        jt           ok      prep=1458 latency=1719 search=0.0 correct=True
[     4s] hmm    light    total        ok      prep=18 latency=3 search=0.029 correct=True
[     5s] hmm    light    latency      ok      prep=18 latency=3 search=0.022 correct=True
[     5s] hmm    light    weighted:2   ok      prep=18 latency=3 search=0.028 correct=True
[     5s] hmm    light    weighted:4   ok      prep=18 latency=3 search=0.034 correct=True
[     5s] hmm    light    weighted:10  ok      prep=18 latency=3 search=0.03 correct=True
[     6s] hmm    default  total        ok      prep=18 latency=3 search=0.115 correct=True
[     6s] hmm    default  latency      ok      prep=18 latency=3 search=0.062 correct=True
[     6s] hmm    default  weighted:2   ok      prep=18 latency=3 search=0.062 correct=True
[     7s] hmm    default  weighted:4   ok      prep=18 latency=3 search=0.081 correct=True
[     7s] hmm    default  weighted:10  ok      prep=18 latency=3 search=0.07 correct=True
[     7s] fhmm2  light    total        ok      prep=108 latency=27 search=0.072 correct=True
[     8s] fhmm2  light    latency      ok      prep=108 latency=27 search=0.111 correct=True
[     8s] fhmm2  light    weighted:2   ok      prep=108 latency=27 search=0.097 correct=True
[     8s] fhmm2  light    weighted:4   ok      prep=108 latency=27 search=0.156 correct=True
[     9s] fhmm2  light    weighted:10  ok      prep=108 latency=27 search=0.061 correct=True
[     9s] fhmm2  default  total        ok      prep=108 latency=27 search=0.105 correct=True
[     9s] fhmm2  default  latency      ok      prep=108 latency=27 search=0.084 correct=True
[    10s] fhmm2  default  weighted:2   ok      prep=108 latency=27 search=0.111 correct=True
[    10s] fhmm2  default  weighted:4   ok      prep=108 latency=27 search=0.097 correct=True
[    10s] fhmm2  default  weighted:10  ok      prep=108 latency=27 search=0.079 correct=True
[    11s] fhmm3  light    total        ok      prep=324 latency=405 search=0.12 correct=True
[    11s] fhmm3  light    latency      ok      prep=486 latency=108 search=0.109 correct=True
[    11s] fhmm3  light    weighted:2   ok      prep=486 latency=108 search=0.098 correct=True
[    12s] fhmm3  light    weighted:4   ok      prep=486 latency=108 search=0.083 correct=True
[    12s] fhmm3  light    weighted:10  ok      prep=486 latency=108 search=0.081 correct=True
[    13s] fhmm3  default  total        ok      prep=486 latency=108 search=1.149 correct=True
[    13s] fhmm3  default  latency      ok      prep=486 latency=108 search=0.303 correct=True
[    13s] fhmm3  default  weighted:2   ok      prep=486 latency=108 search=0.422 correct=True
[    14s] fhmm3  default  weighted:4   ok      prep=486 latency=108 search=0.38 correct=True
[    14s] fhmm3  default  weighted:10  ok      prep=486 latency=108 search=0.319 correct=True
[    14s] fhmm4  light    total        ok      prep=1458 latency=1251 search=0.275 correct=True
[    15s] fhmm4  light    latency      ok      prep=1944 latency=360 search=0.264 correct=True
[    15s] fhmm4  light    weighted:2   ok      prep=1944 latency=360 search=0.245 correct=True
[    15s] fhmm4  light    weighted:4   ok      prep=1944 latency=360 search=0.186 correct=True
[    16s] fhmm4  light    weighted:10  ok      prep=1944 latency=360 search=0.329 correct=True
[    48s] fhmm4  default  total        ok      prep=1944 latency=333 search=32.236 correct=True
[    48s] fhmm4  default  latency      ok      prep=1944 latency=333 search=4.101 correct=True
[    48s] fhmm4  default  weighted:2   ok      prep=1944 latency=333 search=20.751 correct=True
[    48s] fhmm4  default  weighted:4   ok      prep=1944 latency=333 search=4.268 correct=True
[    48s] fhmm4  default  weighted:10  ok      prep=1944 latency=333 search=8.118 correct=True
[    48s] chmm2  light    total        ok      prep=54 latency=90 search=0.048 correct=True
[    48s] chmm2  light    latency      ok      prep=108 latency=36 search=0.074 correct=True
[    48s] chmm2  light    weighted:2   ok      prep=108 latency=36 search=0.065 correct=True
[    48s] chmm2  light    weighted:4   ok      prep=108 latency=36 search=0.056 correct=True
[    48s] chmm2  light    weighted:10  ok      prep=108 latency=36 search=0.065 correct=True
[    48s] chmm2  default  total        ok      prep=54 latency=90 search=0.313 correct=True
[    48s] chmm2  default  latency      ok      prep=108 latency=36 search=0.148 correct=True
[    48s] chmm2  default  weighted:2   ok      prep=108 latency=36 search=0.205 correct=True
[    48s] chmm2  default  weighted:4   ok      prep=108 latency=36 search=0.18 correct=True
[    48s] chmm2  default  weighted:10  ok      prep=108 latency=36 search=0.165 correct=True
[    48s] chmm3  light    total        ok      prep=324 latency=369 search=0.225 correct=True
[    48s] chmm3  light    latency      ok      prep=486 latency=144 search=0.232 correct=True
[    48s] chmm3  light    weighted:2   ok      prep=324 latency=369 search=0.222 correct=True
[    48s] chmm3  light    weighted:4   ok      prep=486 latency=144 search=0.24 correct=True
[    48s] chmm3  light    weighted:10  ok      prep=486 latency=144 search=0.231 correct=True
[   107s] chmm3  default  total        ok      prep=324 latency=288 search=62.882 correct=True
[   107s] chmm3  default  latency      ok      prep=486 latency=144 search=9.017 correct=True
[   107s] chmm3  default  weighted:2   ok      prep=486 latency=144 search=31.835 correct=True
[   107s] chmm3  default  weighted:4   ok      prep=486 latency=144 search=6.942 correct=True
[   107s] chmm3  default  weighted:10  ok      prep=486 latency=144 search=11.606 correct=True
[   107s] chmm4  light    total        ok      prep=1458 latency=1197 search=2.021 correct=True
[   107s] chmm4  light    latency      ok      prep=1944 latency=531 search=1.779 correct=True
[   107s] chmm4  light    weighted:2   ok      prep=1944 latency=624 search=2.283 correct=True
[   107s] chmm4  light    weighted:4   ok      prep=1944 latency=624 search=1.899 correct=True
[   107s] chmm4  light    weighted:10  ok      prep=1944 latency=441 search=2.08 correct=True
[   238s] chmm4  default  total        ok      prep=1458 latency=1008 search=153.601 correct=True
[   238s] chmm4  default  latency      ok      prep=1944 latency=522 search=143.231 correct=True
[   264s] chmm4  default  weighted:2   ok      prep=1944 latency=531 search=156.813 correct=True
[   370s] chmm4  default  weighted:4   ok      prep=1944 latency=495 search=139.968 correct=True
[   373s] chmm4  default  weighted:10  ok      prep=1944 latency=459 search=133.233 correct=True
