chain        n=8 K=8  r=1  plain=1712 lowrank=330 known=0.7914 correct=True
chain        n=8 K=8  r=2  plain=1712 lowrank=912 known=0.9849 correct=True
chain        n=8 K=8  r=4  plain=1712 lowrank=1712 known=1.0 correct=True
chain        n=8 K=8  r=8  plain=1712 lowrank=1712 known=1.0 correct=True
star         n=8 K=8  r=1  plain=1504 lowrank=355 known=0.6131 correct=True
star         n=8 K=8  r=2  plain=1504 lowrank=960 known=0.9543 correct=True
star         n=8 K=8  r=4  plain=1504 lowrank=1520 known=0.9794 correct=True
star         n=8 K=8  r=8  plain=1504 lowrank=1504 known=0.9691 correct=True
random_tree  n=8 K=8  r=1  plain=1664 lowrank=331 known=0.7088 correct=True
random_tree  n=8 K=8  r=2  plain=1664 lowrank=912 known=0.9849 correct=True
random_tree  n=8 K=8  r=4  plain=1664 lowrank=1664 known=1.0 correct=True
random_tree  n=8 K=8  r=8  plain=1664 lowrank=1664 known=1.0 correct=True
cycle        n=8 K=8  r=1  plain=14912 lowrank=396 known=0.8115 correct=True
cycle        n=8 K=8  r=2  plain=14912 lowrank=1680 known=0.875 correct=True
cycle        n=8 K=8  r=4  plain=14912 lowrank=7200 known=0.8789 correct=True
cycle        n=8 K=8  r=8  plain=14912 lowrank=14912 known=0.9708 correct=True
grid         n=8 K=8  r=1  plain=14016 lowrank=516 known=0.8459 correct=True
grid         n=8 K=8  r=2  plain=14016 lowrank=2712 known=0.7939 correct=True
grid         n=8 K=8  r=4  plain=14016 lowrank=9728 known=0.5758 correct=True
grid         n=8 K=8  r=8  plain=14016 lowrank=14016 known=0.8295 correct=True
chain        n=6 K=16 r=1  plain=4672 lowrank=454 known=0.6706 correct=True
chain        n=6 K=16 r=2  plain=4672 lowrank=1280 known=0.9922 correct=True
chain        n=6 K=16 r=4  plain=4672 lowrank=2496 known=0.9921 correct=True
chain        n=6 K=16 r=16 plain=4672 lowrank=4672 known=1.0 correct=True
star         n=6 K=16 r=1  plain=4016 lowrank=451 known=0.5989 correct=True
star         n=6 K=16 r=2  plain=4016 lowrank=1296 known=0.9686 correct=True
star         n=6 K=16 r=4  plain=4016 lowrank=2416 known=0.9789 correct=True
star         n=6 K=16 r=16 plain=4016 lowrank=4016 known=0.9921 correct=True
random_tree  n=6 K=16 r=1  plain=4448 lowrank=459 known=0.6623 correct=True
random_tree  n=6 K=16 r=2  plain=4448 lowrank=1280 known=0.9922 correct=True
random_tree  n=6 K=16 r=4  plain=4448 lowrank=2464 known=0.9919 correct=True
random_tree  n=6 K=16 r=16 plain=4448 lowrank=4448 known=1.0 correct=True
cycle        n=6 K=16 r=1  plain=67584 lowrank=504 known=0.878 correct=True
cycle        n=6 K=16 r=2  plain=67584 lowrank=1920 known=0.8727 correct=True
cycle        n=6 K=16 r=4  plain=67584 lowrank=8064 known=0.878 correct=True
cycle        n=6 K=16 r=16 plain=67584 lowrank=67584 known=0.8516 correct=True
grid         n=6 K=16 r=1  plain=71680 lowrank=571 known=0.8866 correct=True
grid         n=6 K=16 r=2  plain=71680 lowrank=3168 known=0.8106 correct=True
grid         n=6 K=16 r=4  plain=71680 lowrank=16512 known=0.6474 correct=True
grid         n=6 K=16 r=16 plain=71680 lowrank=71680 known=0.9032 correct=True
