warning: The `UV_NATIVE_TLS` environment variable is deprecated and will be removed in a future release. Use `UV_SYSTEM_CERTS` instead.
{'problem': 'grid3x3_k3', 'vars': 9, 'config': 'phaseK', 'flops': 1719, 'optimize_s': 5.96, 'search_s': 5.96, 'trees': 2, 'tree_costs': '1719 1854', 'phases': 'jt=1917 merge=1719 exchange=1719', 'tries': 22, 'solves': 29, 'accepted': 'merge:1890 merge:1719', 'clusters': 4}
{'problem': 'grid3x3_k3', 'vars': 9, 'config': 'halving', 'flops': 1719, 'optimize_s': 5.97, 'search_s': 5.97, 'trees': 2, 'tree_costs': '1719 1854', 'phases': 'jt=1917 merge=1719 exchange=1719', 'tries': 22, 'solves': 29, 'accepted': 'merge:1890 merge:1719', 'clusters': 4}
{'problem': 'grid3x3_k3', 'vars': 9, 'config': 'halving_par', 'flops': 1719, 'optimize_s': 4.83, 'search_s': 4.83, 'trees': 2, 'tree_costs': '1719 1854', 'phases': 'jt=1917 merge=1719 exchange=1719', 'tries': 22, 'solves': 29, 'accepted': 'merge:1890 merge:1719', 'clusters': 4}
{'problem': 'grid3x3_k3', 'vars': 9, 'config': 'halving_par_moves', 'flops': 1719, 'optimize_s': 4.8, 'search_s': 4.8, 'trees': 2, 'tree_costs': '1719 1854', 'phases': 'jt=1917 merge=1719 exchange=1719', 'tries': 20, 'solves': 29, 'accepted': 'merge:1890 merge:1719', 'clusters': 4}
{'problem': 'grid3x3_k3', 'vars': 9, 'config': 'first_par_moves', 'flops': 1719, 'optimize_s': 4.67, 'search_s': 4.67, 'trees': 1, 'tree_costs': '1719', 'phases': 'jt=1917 merge=1719 exchange=1719', 'tries': 14, 'solves': 18, 'accepted': 'merge:1890 merge:1719', 'clusters': 4}
{'problem': 'grid3x3_k3', 'vars': 9, 'config': 'budgets', 'flops': 1845, 'optimize_s': 2.53}
{'problem': 'cycle10_k4', 'vars': 10, 'config': 'phaseK', 'flops': 2288, 'optimize_s': 1.48, 'search_s': 1.48, 'trees': 2, 'tree_costs': '2288 2384', 'phases': 'jt=2320 merge=2288 exchange=2288', 'tries': 31, 'solves': 33, 'accepted': 'merge:2304 merge:2288 merge:2384', 'clusters': 6}
{'problem': 'cycle10_k4', 'vars': 10, 'config': 'halving', 'flops': 2288, 'optimize_s': 1.38, 'search_s': 1.38, 'trees': 2, 'tree_costs': '2288 2384', 'phases': 'jt=2320 merge=2288 exchange=2288', 'tries': 31, 'solves': 33, 'accepted': 'merge:2304 merge:2288 merge:2384', 'clusters': 6}
{'problem': 'cycle10_k4', 'vars': 10, 'config': 'halving_par', 'flops': 2288, 'optimize_s': 1.45, 'search_s': 1.45, 'trees': 2, 'tree_costs': '2288 2384', 'phases': 'jt=2320 merge=2288 exchange=2288', 'tries': 31, 'solves': 34, 'accepted': 'merge:2304 merge:2288 merge:2384', 'clusters': 6}
{'problem': 'cycle10_k4', 'vars': 10, 'config': 'halving_par_moves', 'flops': 2288, 'optimize_s': 1.39, 'search_s': 1.39, 'trees': 2, 'tree_costs': '2288 2384', 'phases': 'jt=2320 merge=2288 exchange=2288', 'tries': 29, 'solves': 34, 'accepted': 'merge:2304 merge:2288 merge:2384', 'clusters': 6}
{'problem': 'cycle10_k4', 'vars': 10, 'config': 'first_par_moves', 'flops': 2288, 'optimize_s': 1.14, 'search_s': 1.14, 'trees': 1, 'tree_costs': '2288', 'phases': 'jt=2320 merge=2288 exchange=2288', 'tries': 20, 'solves': 17, 'accepted': 'merge:2304 merge:2288', 'clusters': 6}
{'problem': 'cycle10_k4', 'vars': 10, 'config': 'budgets', 'flops': 2544, 'optimize_s': 1.12}
{'problem': 'sparse10_k3', 'vars': 10, 'config': 'phaseK', 'flops': 774, 'optimize_s': 2.35, 'search_s': 2.34, 'trees': 3, 'tree_costs': '774 774 774', 'phases': 'jt=801 merge=774 exchange=774', 'tries': 52, 'solves': 37, 'accepted': 'merge:774 merge:774 merge:774', 'clusters': 7}
{'problem': 'sparse10_k3', 'vars': 10, 'config': 'halving', 'flops': 774, 'optimize_s': 2.45, 'search_s': 2.45, 'trees': 3, 'tree_costs': '774 774 774', 'phases': 'jt=801 merge=774 exchange=774', 'tries': 58, 'solves': 37, 'accepted': 'merge:774 merge:774 merge:774', 'clusters': 7}
{'problem': 'sparse10_k3', 'vars': 10, 'config': 'halving_par', 'flops': 774, 'optimize_s': 1.66, 'search_s': 1.66, 'trees': 3, 'tree_costs': '774 774 774', 'phases': 'jt=801 merge=774 exchange=774', 'tries': 58, 'solves': 37, 'accepted': 'merge:774 merge:774 merge:774', 'clusters': 7}
{'problem': 'sparse10_k3', 'vars': 10, 'config': 'halving_par_moves', 'flops': 774, 'optimize_s': 1.84, 'search_s': 1.84, 'trees': 3, 'tree_costs': '774 774 774', 'phases': 'jt=801 merge=774 exchange=774', 'tries': 57, 'solves': 37, 'accepted': 'merge:774 merge:774 merge:774', 'clusters': 7}
{'problem': 'sparse10_k3', 'vars': 10, 'config': 'first_par_moves', 'flops': 774, 'optimize_s': 1.18, 'search_s': 1.18, 'trees': 1, 'tree_costs': '774', 'phases': 'jt=801 merge=774 exchange=774', 'tries': 23, 'solves': 20, 'accepted': 'merge:774', 'clusters': 7}
{'problem': 'sparse10_k3', 'vars': 10, 'config': 'budgets', 'flops': 900, 'optimize_s': 4.71}
{'problem': 'grid4x4_k3', 'vars': 16, 'config': 'phaseK', 'flops': 7857, 'optimize_s': 22.21, 'search_s': 22.21, 'trees': 1, 'tree_costs': '8010', 'phases': 'jt=8442 merge=8010 exchange=7857', 'tries': 100, 'solves': 74, 'accepted': 'merge:8334 merge:8280 merge:8145 merge:8010 factor_any:7947 factor_any:7893 factor_any:7857', 'clusters': 8}
{'problem': 'grid4x4_k3', 'vars': 16, 'config': 'halving', 'flops': 7857, 'optimize_s': 25.73, 'search_s': 25.72, 'trees': 1, 'tree_costs': '8010', 'phases': 'jt=8442 merge=8010 exchange=7857', 'tries': 100, 'solves': 74, 'accepted': 'merge:8334 merge:8280 merge:8145 merge:8010 factor_any:7947 factor_any:7893 factor_any:7857', 'clusters': 8}
{'problem': 'grid4x4_k3', 'vars': 16, 'config': 'halving_par', 'flops': 7857, 'optimize_s': 12.7, 'search_s': 12.7, 'trees': 1, 'tree_costs': '8010', 'phases': 'jt=8442 merge=8010 exchange=7857', 'tries': 100, 'solves': 77, 'accepted': 'merge:8334 merge:8280 merge:8145 merge:8010 factor_any:7947 factor_any:7893 factor_any:7857', 'clusters': 8}
{'problem': 'grid4x4_k3', 'vars': 16, 'config': 'halving_par_moves', 'flops': 7911, 'optimize_s': 10.88, 'search_s': 10.88, 'trees': 1, 'tree_costs': '8010', 'phases': 'jt=8442 merge=8010 exchange=7911', 'tries': 77, 'solves': 58, 'accepted': 'merge:8334 merge:8280 merge:8145 merge:8010 factor:7947 factor:7911', 'clusters': 8}
{'problem': 'grid4x4_k3', 'vars': 16, 'config': 'first_par_moves', 'flops': 7911, 'optimize_s': 10.14, 'search_s': 10.14, 'trees': 1, 'tree_costs': '8010', 'phases': 'jt=8442 merge=8010 exchange=7911', 'tries': 77, 'solves': 58, 'accepted': 'merge:8334 merge:8280 merge:8145 merge:8010 factor:7947 factor:7911', 'clusters': 8}
{'problem': 'grid4x4_k3', 'vars': 16, 'config': 'budgets', 'flops': 8262, 'optimize_s': 6.37}
{'problem': 'grid5x5_k2', 'vars': 25, 'config': 'phaseK', 'flops': 3216, 'optimize_s': 33.78, 'search_s': 33.78, 'trees': 4, 'tree_costs': '3236 3236 3492 3756', 'phases': 'jt=3268 merge=3236 exchange=3216', 'tries': 237, 'solves': 204, 'accepted': 'merge:3244 merge:3236 merge:3260 merge:3236 merge:3756 factor_any:3228 merge:3224 factor_any:3216', 'clusters': 17}
{'problem': 'grid5x5_k2', 'vars': 25, 'config': 'halving', 'flops': 3216, 'optimize_s': 35.04, 'search_s': 35.03, 'trees': 4, 'tree_costs': '3236 3236 3492 3756', 'phases': 'jt=3268 merge=3236 exchange=3216', 'tries': 254, 'solves': 204, 'accepted': 'merge:3244 merge:3236 merge:3260 merge:3236 merge:3756 factor_any:3228 merge:3224 factor_any:3216', 'clusters': 17}
{'problem': 'grid5x5_k2', 'vars': 25, 'config': 'halving_par', 'flops': 3216, 'optimize_s': 20.87, 'search_s': 20.87, 'trees': 4, 'tree_costs': '3236 3236 3492 3756', 'phases': 'jt=3268 merge=3236 exchange=3216', 'tries': 254, 'solves': 207, 'accepted': 'merge:3244 merge:3236 merge:3260 merge:3236 merge:3756 factor_any:3228 merge:3224 factor_any:3216', 'clusters': 17}
{'problem': 'grid5x5_k2', 'vars': 25, 'config': 'halving_par_moves', 'flops': 3216, 'optimize_s': 19.63, 'search_s': 19.63, 'trees': 4, 'tree_costs': '3236 3236 3492 3756', 'phases': 'jt=3268 merge=3236 exchange=3216', 'tries': 232, 'solves': 199, 'accepted': 'merge:3244 merge:3236 merge:3260 merge:3236 merge:3756 factor:3228 merge:3224 factor:3216', 'clusters': 17}
{'problem': 'grid5x5_k2', 'vars': 25, 'config': 'first_par_moves', 'flops': 3216, 'optimize_s': 8.11, 'search_s': 8.11, 'trees': 1, 'tree_costs': '3236', 'phases': 'jt=3268 merge=3236 exchange=3216', 'tries': 130, 'solves': 66, 'accepted': 'merge:3244 merge:3236 factor:3228 merge:3224 factor:3216', 'clusters': 17}
{'problem': 'grid5x5_k2', 'vars': 25, 'config': 'budgets', 'flops': 3380, 'optimize_s': 13.69}
{'problem': 'grid6x6_k2', 'vars': 36, 'config': 'phaseK', 'flops': 7496, 'optimize_s': 138.84, 'search_s': 138.83, 'trees': 4, 'tree_costs': '7680 7584 8048 8784', 'phases': 'jt=7720 merge=7584 exchange=7496', 'tries': 648, 'solves': 333, 'accepted': 'merge:7712 merge:7704 merge:7696 merge:7688 merge:7680 merge:7624 merge:7616 merge:7608 merge:7600 merge:7592 merge:7584 merge:8108 merge:8076 merge:8060 merge:8048 merge:8816 merge:8808 merge:8784 factor_any:7568 factor_any:7560 factor_any:7528 factor_any:7520 factor_any:7504 factor_any:7496', 'clusters': 24}
{'problem': 'grid6x6_k2', 'vars': 36, 'config': 'halving', 'flops': 7496, 'optimize_s': 82.68, 'search_s': 82.67, 'trees': 4, 'tree_costs': '7688 7584 8076 8808', 'phases': 'jt=7720 merge=7584 exchange=7496', 'tries': 498, 'solves': 272, 'accepted': 'merge:7712 merge:7704 merge:7624 merge:7616 merge:8108 merge:8076 merge:8816 merge:8808 merge:7608 merge:7600 merge:7696 merge:7688 merge:7592 merge:7584 factor_any:7568 factor_any:7560 factor_any:7528 factor_any:7520 factor_any:7504 factor_any:7496', 'clusters': 24}
{'problem': 'grid6x6_k2', 'vars': 36, 'config': 'halving_par', 'flops': 7496, 'optimize_s': 64.53, 'search_s': 64.51, 'trees': 4, 'tree_costs': '7688 7584 8076 8808', 'phases': 'jt=7720 merge=7584 exchange=7496', 'tries': 498, 'solves': 298, 'accepted': 'merge:7712 merge:7704 merge:7624 merge:7616 merge:8108 merge:8076 merge:8816 merge:8808 merge:7608 merge:7600 merge:7696 merge:7688 merge:7592 merge:7584 factor_any:7568 factor_any:7560 factor_any:7528 factor_any:7520 factor_any:7504 factor_any:7496', 'clusters': 24}
{'problem': 'grid6x6_k2', 'vars': 36, 'config': 'halving_par_moves', 'flops': 7504, 'optimize_s': 65.65, 'search_s': 65.64, 'trees': 4, 'tree_costs': '7688 7584 8076 8808', 'phases': 'jt=7720 merge=7584 exchange=7504', 'tries': 436, 'solves': 291, 'accepted': 'merge:7712 merge:7704 merge:7624 merge:7616 merge:8108 merge:8076 merge:8816 merge:8808 merge:7608 merge:7600 merge:7696 merge:7688 merge:7592 merge:7584 factor:7568 factor:7560 factor:7528 factor:7520 factor:7504', 'clusters': 24}
{'problem': 'grid6x6_k2', 'vars': 36, 'config': 'first_par_moves', 'flops': 7560, 'optimize_s': 54.73, 'search_s': 54.72, 'trees': 1, 'tree_costs': '7680', 'phases': 'jt=7720 merge=7680 exchange=7560', 'tries': 316, 'solves': 114, 'accepted': 'merge:7712 merge:7704 merge:7696 merge:7688 merge:7680 factor:7672 merge:7664 merge:7608 factor:7576 factor:7568 factor:7560', 'clusters': 23}
{'problem': 'grid6x6_k2', 'vars': 36, 'config': 'budgets', 'flops': 7936, 'optimize_s': 28.13}
{'problem': 'cycle16_k16', 'vars': 16, 'config': 'phaseK', 'flops': 243712, 'optimize_s': 4.1, 'search_s': 4.1, 'trees': 2, 'tree_costs': '243712 259584', 'phases': 'jt=244480 merge=243712 exchange=243712', 'tries': 59, 'solves': 64, 'accepted': 'merge:244224 merge:243968 merge:243712 merge:259584', 'clusters': 11}
{'problem': 'cycle16_k16', 'vars': 16, 'config': 'halving', 'flops': 243712, 'optimize_s': 4.69, 'search_s': 4.69, 'trees': 2, 'tree_costs': '243712 259584', 'phases': 'jt=244480 merge=243712 exchange=243712', 'tries': 59, 'solves': 64, 'accepted': 'merge:244224 merge:243968 merge:259584 merge:243712', 'clusters': 11}
{'problem': 'cycle16_k16', 'vars': 16, 'config': 'halving_par', 'flops': 243712, 'optimize_s': 3.45, 'search_s': 3.45, 'trees': 2, 'tree_costs': '243712 259584', 'phases': 'jt=244480 merge=243712 exchange=243712', 'tries': 59, 'solves': 65, 'accepted': 'merge:244224 merge:243968 merge:259584 merge:243712', 'clusters': 11}
{'problem': 'cycle16_k16', 'vars': 16, 'config': 'halving_par_moves', 'flops': 243712, 'optimize_s': 3.0, 'search_s': 3.0, 'trees': 2, 'tree_costs': '243712 259584', 'phases': 'jt=244480 merge=243712 exchange=243712', 'tries': 56, 'solves': 65, 'accepted': 'merge:244224 merge:243968 merge:259584 merge:243712', 'clusters': 11}
{'problem': 'cycle16_k16', 'vars': 16, 'config': 'first_par_moves', 'flops': 243712, 'optimize_s': 2.09, 'search_s': 2.09, 'trees': 1, 'tree_costs': '243712', 'phases': 'jt=244480 merge=243712 exchange=243712', 'tries': 38, 'solves': 30, 'accepted': 'merge:244224 merge:243968 merge:243712', 'clusters': 11}
{'problem': 'cycle16_k16', 'vars': 16, 'config': 'budgets', 'flops': 268544, 'optimize_s': 5.12}
{'problem': 'sparse20_k3', 'vars': 20, 'config': 'phaseK', 'flops': 2253, 'optimize_s': 27.18, 'search_s': 27.17, 'trees': 2, 'tree_costs': '2397 2388', 'phases': 'jt=2406 merge=2388 exchange=2253', 'tries': 84, 'solves': 91, 'accepted': 'merge:2397 merge:2388 move:2280 merge:2253', 'clusters': 15}
{'problem': 'sparse20_k3', 'vars': 20, 'config': 'halving', 'flops': 2253, 'optimize_s': 24.99, 'search_s': 24.99, 'trees': 2, 'tree_costs': '2397 2388', 'phases': 'jt=2406 merge=2388 exchange=2253', 'tries': 99, 'solves': 91, 'accepted': 'merge:2397 merge:2388 move:2280 merge:2253', 'clusters': 15}
{'problem': 'sparse20_k3', 'vars': 20, 'config': 'halving_par', 'flops': 2253, 'optimize_s': 11.58, 'search_s': 11.57, 'trees': 2, 'tree_costs': '2397 2388', 'phases': 'jt=2406 merge=2388 exchange=2253', 'tries': 99, 'solves': 92, 'accepted': 'merge:2397 merge:2388 move:2280 merge:2253', 'clusters': 15}
{'problem': 'sparse20_k3', 'vars': 20, 'config': 'halving_par_moves', 'flops': 2253, 'optimize_s': 12.74, 'search_s': 12.73, 'trees': 2, 'tree_costs': '2397 2388', 'phases': 'jt=2406 merge=2388 exchange=2253', 'tries': 97, 'solves': 92, 'accepted': 'merge:2397 merge:2388 move:2280 merge:2253', 'clusters': 15}
{'problem': 'sparse20_k3', 'vars': 20, 'config': 'first_par_moves', 'flops': 2397, 'optimize_s': 2.94, 'search_s': 2.94, 'trees': 1, 'tree_costs': '2397', 'phases': 'jt=2406 merge=2397 exchange=2397', 'tries': 39, 'solves': 41, 'accepted': 'merge:2397', 'clusters': 16}
{'problem': 'sparse20_k3', 'vars': 20, 'config': 'budgets', 'flops': 2352, 'optimize_s': 8.74}
{'problem': 'coupled3_k3_t6', 'vars': 18, 'config': 'phaseK', 'flops': 4860, 'optimize_s': 56.54, 'search_s': 56.53, 'trees': 3, 'tree_costs': '4878 4890 5049', 'phases': 'jt=4935 merge=4878 exchange=4860', 'tries': 163, 'solves': 147, 'accepted': 'merge:4890 merge:4878 merge:4935 merge:4890 merge:5151 merge:5124 merge:5097 merge:5052 merge:5049 move:4869 factor_any:4860', 'clusters': 13}
{'problem': 'coupled3_k3_t6', 'vars': 18, 'config': 'halving', 'flops': 4860, 'optimize_s': 27.79, 'search_s': 27.78, 'trees': 3, 'tree_costs': '4878 4890 5124', 'phases': 'jt=4935 merge=4878 exchange=4860', 'tries': 153, 'solves': 132, 'accepted': 'merge:4890 merge:4878 merge:4935 merge:4890 merge:5151 merge:5124 move:4869 factor_any:4860', 'clusters': 13}
{'problem': 'coupled3_k3_t6', 'vars': 18, 'config': 'halving_par', 'flops': 4860, 'optimize_s': 17.65, 'search_s': 17.64, 'trees': 3, 'tree_costs': '4878 4890 5124', 'phases': 'jt=4935 merge=4878 exchange=4860', 'tries': 153, 'solves': 139, 'accepted': 'merge:4890 merge:4878 merge:4935 merge:4890 merge:5151 merge:5124 move:4869 factor_any:4860', 'clusters': 13}
{'problem': 'coupled3_k3_t6', 'vars': 18, 'config': 'halving_par_moves', 'flops': 4860, 'optimize_s': 16.83, 'search_s': 16.82, 'trees': 3, 'tree_costs': '4878 4890 5124', 'phases': 'jt=4935 merge=4878 exchange=4860', 'tries': 127, 'solves': 120, 'accepted': 'merge:4890 merge:4878 merge:4935 merge:4890 merge:5151 merge:5124 move:4869 factor:4860', 'clusters': 13}
{'problem': 'coupled3_k3_t6', 'vars': 18, 'config': 'first_par_moves', 'flops': 4860, 'optimize_s': 7.69, 'search_s': 7.69, 'trees': 1, 'tree_costs': '4878', 'phases': 'jt=4935 merge=4878 exchange=4860', 'tries': 93, 'solves': 72, 'accepted': 'merge:4890 merge:4878 move:4869 factor:4860', 'clusters': 13}
{'problem': 'coupled3_k3_t6', 'vars': 18, 'config': 'budgets', 'flops': 5196, 'optimize_s': 28.58}
{'problem': 'factorial3_k3_t6', 'vars': 18, 'config': 'phaseK', 'flops': 5850, 'optimize_s': 70.27, 'search_s': 70.27, 'trees': 4, 'tree_costs': '5850 6012 5850 5886', 'phases': 'jt=6714 merge=5850 exchange=5850', 'tries': 144, 'solves': 152, 'accepted': 'merge:6660 merge:6552 merge:6498 merge:6309 merge:6255 merge:6147 merge:6093 merge:5904 merge:5850 merge:6480 merge:6453 merge:6417 merge:6255 merge:6201 merge:6066 merge:6012 merge:6309 merge:6255 merge:6147 merge:6093 merge:5904 merge:5850 merge:6534 merge:6345 merge:6129 merge:6075 merge:5886', 'clusters': 6}
{'problem': 'factorial3_k3_t6', 'vars': 18, 'config': 'halving', 'flops': 5886, 'optimize_s': 20.41, 'search_s': 20.41, 'trees': 4, 'tree_costs': '6552 6453 6093 5886', 'phases': 'jt=6714 merge=5886 exchange=5886', 'tries': 75, 'solves': 110, 'accepted': 'merge:6660 merge:6552 merge:6480 merge:6453 merge:6309 merge:6255 merge:6534 merge:6345 merge:6147 merge:6093 merge:6129 merge:6075 merge:5886', 'clusters': 10}
{'problem': 'factorial3_k3_t6', 'vars': 18, 'config': 'halving_par', 'flops': 5886, 'optimize_s': 14.86, 'search_s': 14.85, 'trees': 4, 'tree_costs': '6552 6453 6093 5886', 'phases': 'jt=6714 merge=5886 exchange=5886', 'tries': 75, 'solves': 134, 'accepted': 'merge:6660 merge:6552 merge:6480 merge:6453 merge:6309 merge:6255 merge:6534 merge:6345 merge:6147 merge:6093 merge:6129 merge:6075 merge:5886', 'clusters': 10}
{'problem': 'factorial3_k3_t6', 'vars': 18, 'config': 'halving_par_moves', 'flops': 5886, 'optimize_s': 14.71, 'search_s': 14.7, 'trees': 4, 'tree_costs': '6552 6453 6093 5886', 'phases': 'jt=6714 merge=5886 exchange=5886', 'tries': 70, 'solves': 134, 'accepted': 'merge:6660 merge:6552 merge:6480 merge:6453 merge:6309 merge:6255 merge:6534 merge:6345 merge:6147 merge:6093 merge:6129 merge:6075 merge:5886', 'clusters': 10}
{'problem': 'factorial3_k3_t6', 'vars': 18, 'config': 'first_par_moves', 'flops': 5850, 'optimize_s': 22.97, 'search_s': 22.97, 'trees': 1, 'tree_costs': '5850', 'phases': 'jt=6714 merge=5850 exchange=5850', 'tries': 54, 'solves': 56, 'accepted': 'merge:6660 merge:6552 merge:6498 merge:6309 merge:6255 merge:6147 merge:6093 merge:5904 merge:5850', 'clusters': 6}
{'problem': 'factorial3_k3_t6', 'vars': 18, 'config': 'budgets', 'flops': 6201, 'optimize_s': 10.8}
{'problem': 'chain64_k4', 'vars': 64, 'config': 'phaseK', 'flops': 4248, 'optimize_s': 11.46, 'search_s': 11.46, 'trees': 1, 'tree_costs': '4248', 'phases': 'jt=4248 merge=4248 exchange=4248', 'tries': 125, 'solves': 125, 'accepted': '', 'clusters': 63}
{'problem': 'chain64_k4', 'vars': 64, 'config': 'halving', 'flops': 4248, 'optimize_s': 10.87, 'search_s': 10.87, 'trees': 1, 'tree_costs': '4248', 'phases': 'jt=4248 merge=4248 exchange=4248', 'tries': 125, 'solves': 125, 'accepted': '', 'clusters': 63}
{'problem': 'chain64_k4', 'vars': 64, 'config': 'halving_par', 'flops': 4248, 'optimize_s': 4.99, 'search_s': 4.98, 'trees': 1, 'tree_costs': '4248', 'phases': 'jt=4248 merge=4248 exchange=4248', 'tries': 125, 'solves': 125, 'accepted': '', 'clusters': 63}
{'problem': 'chain64_k4', 'vars': 64, 'config': 'halving_par_moves', 'flops': 4248, 'optimize_s': 5.03, 'search_s': 5.03, 'trees': 1, 'tree_costs': '4248', 'phases': 'jt=4248 merge=4248 exchange=4248', 'tries': 125, 'solves': 125, 'accepted': '', 'clusters': 63}
{'problem': 'chain64_k4', 'vars': 64, 'config': 'first_par_moves', 'flops': 4248, 'optimize_s': 5.58, 'search_s': 5.57, 'trees': 1, 'tree_costs': '4248', 'phases': 'jt=4248 merge=4248 exchange=4248', 'tries': 125, 'solves': 125, 'accepted': '', 'clusters': 63}
{'problem': 'chain64_k4', 'vars': 64, 'config': 'budgets', 'flops': 4248, 'optimize_s': 14.56}
