chain        n=3 K=2 seed=0 ilp=26 bp=26 jt=28 (0.0s)
star         n=3 K=2 seed=0 ilp=26 bp=26 jt=28 (0.0s)
random_tree  n=3 K=2 seed=0 ilp=26 bp=26 jt=28 (0.0s)
random_tree  n=3 K=2 seed=1 ilp=26 bp=26 jt=28 (0.0s)
random_tree  n=3 K=2 seed=2 ilp=26 bp=26 jt=28 (0.0s)
chain        n=4 K=2 seed=0 ilp=44 bp=44 jt=52 (0.1s)
star         n=4 K=2 seed=0 ilp=44 bp=44 jt=52 (0.2s)
random_tree  n=4 K=2 seed=0 ilp=44 bp=44 jt=52 (0.1s)
random_tree  n=4 K=2 seed=1 ilp=44 bp=44 jt=52 (0.1s)
random_tree  n=4 K=2 seed=2 ilp=44 bp=44 jt=52 (0.2s)
chain        n=5 K=2 seed=0 ilp=62 bp=62 jt=76 (1.7s)
star         n=5 K=2 seed=0 ilp=62 bp=64 jt=80 (4.5s)
random_tree  n=5 K=2 seed=0 ilp=62 bp=62 jt=80 (4.5s)
random_tree  n=5 K=2 seed=1 ilp=62 bp=62 jt=72 (4.2s)
random_tree  n=5 K=2 seed=2 ilp=62 bp=62 jt=76 (2.6s)
chain        n=6 K=2 seed=0 ilp=80 bp=80 jt=100 (14.0s)
star         n=6 K=2 seed=0 ilp=80 bp=86 jt=112 (60.4s)
random_tree  n=6 K=2 seed=0 ilp=80 bp=80 jt=100 (18.0s)
random_tree  n=6 K=2 seed=1 ilp=80 bp=80 jt=100 (20.9s)
random_tree  n=6 K=2 seed=2 ilp=80 bp=82 jt=100 (22.5s)
chain        n=8 K=2 seed=0 ilp=116 bp=116 jt=148 (65.8s)
star         n=8 K=2 seed=0 ilp=214 bp=136 jt=188 (82.4s)
random_tree  n=8 K=2 seed=0 ilp=116 bp=116 jt=148 (67.9s)
random_tree  n=8 K=2 seed=1 ilp=116 bp=116 jt=148 (80.0s)
random_tree  n=8 K=2 seed=2 ilp=118 bp=118 jt=156 (71.1s)
cycle        n=3 K=2 seed=0 ilp=44 bp= jt=44 (0.0s)
cycle        n=4 K=2 seed=0 ilp=80 bp= jt=88 (0.7s)
cycle        n=5 K=2 seed=0 ilp=120 bp= jt=140 (11.8s)
cycle        n=6 K=2 seed=0 ilp=156 bp= jt=192 (60.3s)
grid         n=4 K=2 seed=0 ilp=80 bp= jt=88 (0.8s)
grid         n=6 K=2 seed=0 ilp=168 bp= jt=200 (61.0s)
chain        n=3 K=5 seed=0 ilp=155 bp=155 jt=175 (0.0s)
star         n=3 K=5 seed=0 ilp=155 bp=155 jt=175 (0.0s)
random_tree  n=3 K=5 seed=0 ilp=155 bp=155 jt=175 (0.0s)
random_tree  n=3 K=5 seed=1 ilp=155 bp=155 jt=175 (0.0s)
random_tree  n=3 K=5 seed=2 ilp=155 bp=155 jt=175 (0.0s)
chain        n=4 K=5 seed=0 ilp=260 bp=260 jt=325 (0.0s)
star         n=4 K=5 seed=0 ilp=245 bp=245 jt=325 (0.1s)
random_tree  n=4 K=5 seed=0 ilp=260 bp=260 jt=325 (0.0s)
random_tree  n=4 K=5 seed=1 ilp=260 bp=260 jt=325 (0.0s)
random_tree  n=4 K=5 seed=2 ilp=245 bp=245 jt=325 (0.1s)
chain        n=5 K=5 seed=0 ilp=365 bp=365 jt=475 (0.1s)
star         n=5 K=5 seed=0 ilp=335 bp=340 jt=500 (0.9s)
random_tree  n=5 K=5 seed=0 ilp=350 bp=350 jt=500 (0.1s)
random_tree  n=5 K=5 seed=1 ilp=350 bp=350 jt=450 (0.1s)
random_tree  n=5 K=5 seed=2 ilp=350 bp=350 jt=475 (0.1s)
chain        n=6 K=5 seed=0 ilp=470 bp=470 jt=625 (0.4s)
star         n=6 K=5 seed=0 ilp=425 bp=440 jt=700 (12.1s)
random_tree  n=6 K=5 seed=0 ilp=455 bp=455 jt=625 (0.5s)
random_tree  n=6 K=5 seed=1 ilp=455 bp=455 jt=625 (0.4s)
random_tree  n=6 K=5 seed=2 ilp=440 bp=445 jt=625 (3.5s)
chain        n=8 K=5 seed=0 ilp=680 bp=680 jt=925 (10.5s)
star         n=8 K=5 seed=0 ilp=1395 bp=655 jt=1175 (87.5s)
random_tree  n=8 K=5 seed=0 ilp=665 bp=665 jt=925 (11.2s)
random_tree  n=8 K=5 seed=1 ilp=650 bp=650 jt=925 (14.1s)
random_tree  n=8 K=5 seed=2 ilp=650 bp=655 jt=975 (41.2s)
cycle        n=3 K=5 seed=0 ilp=575 bp= jt=575 (0.0s)
cycle        n=4 K=5 seed=0 ilp=1100 bp= jt=1225 (0.8s)
cycle        n=5 K=5 seed=0 ilp=1650 bp= jt=2000 (13.4s)
cycle        n=6 K=5 seed=0 ilp=2175 bp= jt=2775 (60.5s)
grid         n=4 K=5 seed=0 ilp=1100 bp= jt=1225 (0.8s)
grid         n=6 K=5 seed=0 ilp=2225 bp= jt=2900 (60.7s)
