warning: The `UV_NATIVE_TLS` environment variable is deprecated and will be removed in a future release. Use `UV_SYSTEM_CERTS` instead.
{'problem': 'chain15_k4', 'vars': 15, 'code': 'plain', 'alpha': 0.0, 'flops': 1052, 'optimize_s': 6.36, 'lines': 416, 'bytes': 11764, 'gcc_s': 0.609, 'run_ns': 256.7, 'max_abs_err': 3.885780586188048e-16, 'kernels': 0, 'call_lines': 0, 'loop_lines': 0}
{'problem': 'chain15_k4', 'vars': 15, 'code': 'compact', 'alpha': 0.0, 'flops': 1052, 'optimize_s': 6.36, 'lines': 133, 'bytes': 4684, 'gcc_s': 0.215, 'run_ns': 163.9, 'max_abs_err': 3.885780586188048e-16, 'kernels': 8, 'call_lines': 69, 'loop_lines': 0}
{'problem': 'chain15_k4', 'vars': 15, 'code': 'compact', 'alpha': 10.0, 'flops': 1056, 'optimize_s': 7.4, 'lines': 114, 'bytes': 3984, 'gcc_s': 0.209, 'run_ns': 187.6, 'max_abs_err': 3.885780586188048e-16, 'kernels': 5, 'call_lines': 69, 'loop_lines': 0}
{'problem': 'chain15_k4', 'vars': 15, 'code': 'compact', 'alpha': 100.0, 'flops': 1056, 'optimize_s': 7.42, 'lines': 114, 'bytes': 3984, 'gcc_s': 0.204, 'run_ns': 170.2, 'max_abs_err': 3.885780586188048e-16, 'kernels': 5, 'call_lines': 69, 'loop_lines': 0}
{'problem': 'chain8_k8', 'vars': 8, 'code': 'plain', 'alpha': 0.0, 'flops': 1936, 'optimize_s': 6.43, 'lines': 213, 'bytes': 5886, 'gcc_s': 0.47, 'run_ns': 260.7, 'max_abs_err': 1.3877787807814457e-16, 'kernels': 0, 'call_lines': 0, 'loop_lines': 0}
{'problem': 'chain8_k8', 'vars': 8, 'code': 'compact', 'alpha': 0.0, 'flops': 1936, 'optimize_s': 6.43, 'lines': 91, 'bytes': 3157, 'gcc_s': 0.273, 'run_ns': 245.8, 'max_abs_err': 1.3877787807814457e-16, 'kernels': 7, 'call_lines': 34, 'loop_lines': 0}
{'problem': 'chain8_k8', 'vars': 8, 'code': 'compact', 'alpha': 10.0, 'flops': 1936, 'optimize_s': 8.53, 'lines': 91, 'bytes': 3157, 'gcc_s': 0.212, 'run_ns': 265.7, 'max_abs_err': 1.3877787807814457e-16, 'kernels': 7, 'call_lines': 34, 'loop_lines': 0}
{'problem': 'chain8_k8', 'vars': 8, 'code': 'compact', 'alpha': 100.0, 'flops': 1936, 'optimize_s': 8.31, 'lines': 91, 'bytes': 3157, 'gcc_s': 0.25, 'run_ns': 242.6, 'max_abs_err': 1.3877787807814457e-16, 'kernels': 7, 'call_lines': 34, 'loop_lines': 0}
{'problem': 'cycle10_k4', 'vars': 10, 'code': 'plain', 'alpha': 0.0, 'flops': 2496, 'optimize_s': 3.83, 'lines': 309, 'bytes': 9110, 'gcc_s': 0.652, 'run_ns': 267.1, 'max_abs_err': 7.66053886991358e-15, 'kernels': 0, 'call_lines': 0, 'loop_lines': 0}
{'problem': 'cycle10_k4', 'vars': 10, 'code': 'compact', 'alpha': 0.0, 'flops': 2496, 'optimize_s': 3.83, 'lines': 155, 'bytes': 5985, 'gcc_s': 0.309, 'run_ns': 281.4, 'max_abs_err': 7.66053886991358e-15, 'kernels': 15, 'call_lines': 27, 'loop_lines': 3}
{'problem': 'cycle10_k4', 'vars': 10, 'code': 'compact', 'alpha': 10.0, 'flops': 2496, 'optimize_s': 4.78, 'lines': 143, 'bytes': 5702, 'gcc_s': 0.357, 'run_ns': 346.4, 'max_abs_err': 7.66053886991358e-15, 'kernels': 14, 'call_lines': 20, 'loop_lines': 6}
{'problem': 'cycle10_k4', 'vars': 10, 'code': 'compact', 'alpha': 100.0, 'flops': 2656, 'optimize_s': 4.94, 'lines': 146, 'bytes': 5880, 'gcc_s': 0.381, 'run_ns': 363.0, 'max_abs_err': 7.605027718682322e-15, 'kernels': 14, 'call_lines': 24, 'loop_lines': 8}
{'problem': 'cycle8_k4', 'vars': 8, 'code': 'plain', 'alpha': 0.0, 'flops': 1936, 'optimize_s': 1.75, 'lines': 245, 'bytes': 7205, 'gcc_s': 0.479, 'run_ns': 215.1, 'max_abs_err': 2.1094237467877974e-15, 'kernels': 0, 'call_lines': 0, 'loop_lines': 0}
{'problem': 'cycle8_k4', 'vars': 8, 'code': 'compact', 'alpha': 0.0, 'flops': 1936, 'optimize_s': 1.75, 'lines': 140, 'bytes': 5474, 'gcc_s': 0.304, 'run_ns': 215.5, 'max_abs_err': 2.1094237467877974e-15, 'kernels': 14, 'call_lines': 19, 'loop_lines': 4}
{'problem': 'cycle8_k4', 'vars': 8, 'code': 'compact', 'alpha': 10.0, 'flops': 1936, 'optimize_s': 2.0, 'lines': 128, 'bytes': 5213, 'gcc_s': 0.308, 'run_ns': 214.9, 'max_abs_err': 2.1094237467877974e-15, 'kernels': 13, 'call_lines': 15, 'loop_lines': 8}
{'problem': 'cycle8_k4', 'vars': 8, 'code': 'compact', 'alpha': 100.0, 'flops': 2048, 'optimize_s': 1.78, 'lines': 141, 'bytes': 5545, 'gcc_s': 0.322, 'run_ns': 235.0, 'max_abs_err': 1.9984014443252818e-15, 'kernels': 14, 'call_lines': 19, 'loop_lines': 5}
{'problem': 'grid2x3_k2', 'vars': 6, 'code': 'plain', 'alpha': 0.0, 'flops': 168, 'optimize_s': 0.54, 'lines': 167, 'bytes': 4892, 'gcc_s': 0.116, 'run_ns': 25.9, 'max_abs_err': 2.220446049250313e-16, 'kernels': 0, 'call_lines': 0, 'loop_lines': 0}
{'problem': 'grid2x3_k2', 'vars': 6, 'code': 'compact', 'alpha': 0.0, 'flops': 168, 'optimize_s': 0.54, 'lines': 97, 'bytes': 3707, 'gcc_s': 0.126, 'run_ns': 38.6, 'max_abs_err': 2.220446049250313e-16, 'kernels': 9, 'call_lines': 12, 'loop_lines': 4}
{'problem': 'grid2x3_k2', 'vars': 6, 'code': 'compact', 'alpha': 10.0, 'flops': 176, 'optimize_s': 0.59, 'lines': 114, 'bytes': 4336, 'gcc_s': 0.129, 'run_ns': 53.9, 'max_abs_err': 2.220446049250313e-16, 'kernels': 11, 'call_lines': 14, 'loop_lines': 4}
{'problem': 'grid2x3_k2', 'vars': 6, 'code': 'compact', 'alpha': 100.0, 'flops': 176, 'optimize_s': 0.51, 'lines': 114, 'bytes': 4336, 'gcc_s': 0.124, 'run_ns': 52.4, 'max_abs_err': 2.220446049250313e-16, 'kernels': 11, 'call_lines': 14, 'loop_lines': 4}
{'problem': 'grid2x4_k3', 'vars': 8, 'code': 'plain', 'alpha': 0.0, 'flops': 801, 'optimize_s': 2.87, 'lines': 237, 'bytes': 7005, 'gcc_s': 0.344, 'run_ns': 103.4, 'max_abs_err': 1.2212453270876722e-15, 'kernels': 0, 'call_lines': 0, 'loop_lines': 0}
{'problem': 'grid2x4_k3', 'vars': 8, 'code': 'compact', 'alpha': 0.0, 'flops': 801, 'optimize_s': 2.87, 'lines': 163, 'bytes': 6347, 'gcc_s': 0.29, 'run_ns': 107.1, 'max_abs_err': 1.2212453270876722e-15, 'kernels': 17, 'call_lines': 22, 'loop_lines': 2}
{'problem': 'grid2x4_k3', 'vars': 8, 'code': 'compact', 'alpha': 10.0, 'flops': 801, 'optimize_s': 3.99, 'lines': 155, 'bytes': 6009, 'gcc_s': 0.253, 'run_ns': 106.1, 'max_abs_err': 1.2212453270876722e-15, 'kernels': 16, 'call_lines': 22, 'loop_lines': 2}
{'problem': 'grid2x4_k3', 'vars': 8, 'code': 'compact', 'alpha': 100.0, 'flops': 963, 'optimize_s': 3.78, 'lines': 181, 'bytes': 7086, 'gcc_s': 0.301, 'run_ns': 151.4, 'max_abs_err': 1.2212453270876722e-15, 'kernels': 19, 'call_lines': 25, 'loop_lines': 3}
{'problem': 'lowrank_cycle6_k8_r1', 'vars': 6, 'code': 'plain', 'alpha': 0.0, 'flops': 264, 'optimize_s': 3.39, 'lines': 369, 'bytes': 12905, 'gcc_s': 0.191, 'run_ns': 47.4, 'max_abs_err': 1.5543122344752192e-15, 'kernels': 0, 'call_lines': 0, 'loop_lines': 0}
{'problem': 'lowrank_cycle6_k8_r1', 'vars': 6, 'code': 'compact', 'alpha': 0.0, 'flops': 264, 'optimize_s': 3.39, 'lines': 146, 'bytes': 7249, 'gcc_s': 0.229, 'run_ns': 119.4, 'max_abs_err': 1.5543122344752192e-15, 'kernels': 6, 'call_lines': 17, 'loop_lines': 7}
{'problem': 'lowrank_cycle6_k8_r1', 'vars': 6, 'code': 'compact', 'alpha': 10.0, 'flops': 264, 'optimize_s': 4.38, 'lines': 146, 'bytes': 7265, 'gcc_s': 0.255, 'run_ns': 105.8, 'max_abs_err': 1.5543122344752192e-15, 'kernels': 6, 'call_lines': 15, 'loop_lines': 7}
{'problem': 'lowrank_cycle6_k8_r1', 'vars': 6, 'code': 'compact', 'alpha': 100.0, 'flops': 264, 'optimize_s': 4.26, 'lines': 146, 'bytes': 7265, 'gcc_s': 0.218, 'run_ns': 109.5, 'max_abs_err': 1.5543122344752192e-15, 'kernels': 6, 'call_lines': 15, 'loop_lines': 7}
{'problem': 'lowrank_cycle8_k12_r3', 'vars': 8, 'code': 'plain', 'alpha': 0.0, 'flops': 5508, 'optimize_s': 4.06, 'lines': 491, 'bytes': 17552, 'gcc_s': 3.738, 'run_ns': 1593.3, 'max_abs_err': 1.3183898417423734e-15, 'kernels': 0, 'call_lines': 0, 'loop_lines': 0}
{'problem': 'lowrank_cycle8_k12_r3', 'vars': 8, 'code': 'compact', 'alpha': 0.0, 'flops': 5508, 'optimize_s': 4.06, 'lines': 246, 'bytes': 11745, 'gcc_s': 2.332, 'run_ns': 1075.4, 'max_abs_err': 1.3322676295501878e-15, 'kernels': 15, 'call_lines': 27, 'loop_lines': 4}
{'problem': 'lowrank_cycle8_k12_r3', 'vars': 8, 'code': 'compact', 'alpha': 10.0, 'flops': 5508, 'optimize_s': 4.86, 'lines': 230, 'bytes': 11118, 'gcc_s': 2.298, 'run_ns': 1071.3, 'max_abs_err': 1.3322676295501878e-15, 'kernels': 13, 'call_lines': 26, 'loop_lines': 5}
{'problem': 'lowrank_cycle8_k12_r3', 'vars': 8, 'code': 'compact', 'alpha': 100.0, 'flops': 5508, 'optimize_s': 4.88, 'lines': 230, 'bytes': 11118, 'gcc_s': 2.321, 'run_ns': 1078.2, 'max_abs_err': 1.3322676295501878e-15, 'kernels': 13, 'call_lines': 26, 'loop_lines': 5}
