[     1s] hmm    forward  ok      search=0.0 step_cost=21 fwd=21 correct=True
[     1s] hmm    jt       ok      search=0.0 step_cost=27 fwd=21 correct=True
[     1s] hmm    default  ok      search=0.045 step_cost=21 fwd=21 correct=True
[     2s] hmm    light    ok      search=0.03 step_cost=21 fwd=21 correct=True
[     3s] fhmm2  forward  ok      search=0.0 step_cost=243 fwd=243 correct=True
[     3s] fhmm2  jt       ok      search=0.0 step_cost=234 fwd=243 correct=True
[     4s] fhmm2  default  ok      search=0.107 step_cost=135 fwd=243 correct=True
[     4s] fhmm2  light    ok      search=0.046 step_cost=135 fwd=243 correct=True
[     4s] fhmm3  forward  ok      search=0.0 step_cost=2214 fwd=2214 correct=True
[     6s] fhmm3  jt       ok      search=0.0 step_cost=1242 fwd=2214 correct=True
[     8s] fhmm3  default  ok      search=1.63 step_cost=594 fwd=2214 correct=True
[     8s] fhmm3  light    ok      search=0.145 step_cost=729 fwd=2214 correct=True
[     9s] fhmm4  forward  ok      search=0.0 step_cost=19800 fwd=19800 correct=True
[    10s] fhmm4  jt       ok      search=0.0 step_cost=5328 fwd=19800 correct=True
[    43s] fhmm4  default  ok      search=32.441 step_cost=2277 fwd=19800 correct=True
[    43s] fhmm4  light    ok      search=0.243 step_cost=2709 fwd=19800 correct=True
[    43s] chmm2  forward  ok      search=0.0 step_cost=252 fwd=252 correct=True
[    43s] chmm2  jt       ok      search=0.0 step_cost=216 fwd=252 correct=True
[    43s] chmm2  default  ok      search=0.335 step_cost=144 fwd=252 correct=True
[    43s] chmm2  light    ok      search=0.057 step_cost=144 fwd=252 correct=True
[    43s] chmm3  forward  ok      search=0.0 step_cost=2268 fwd=2268 correct=True
[    43s] chmm3  jt       ok      search=0.0 step_cost=873 fwd=2268 correct=True
[    78s] chmm3  default  ok      search=60.254 step_cost=612 fwd=2268 correct=True
[    78s] chmm3  light    ok      search=0.318 step_cost=693 fwd=2268 correct=True
[    78s] chmm4  forward  ok      search=0.0 step_cost=20043 fwd=20043 correct=True
[    78s] chmm4  jt       ok      search=0.0 step_cost=3177 fwd=20043 correct=True
[   183s] chmm4  default  ok      search=154.546 step_cost=2466 fwd=20043 correct=True
[   183s] chmm4  light    ok      search=2.194 step_cost=2655 fwd=20043 correct=True
